[
  {
    "nodata": 0.0,
    "spatial_resolution": 97.3828125,
    "data_type": "uint16",
    "statistics": {
      "minimum": 5017.0,
      "maximum": 27093.0
    },
    "histogram": {
      "count": 256,
      "min": 5017.0,
      "max": 27093.0,
      "buckets": [
        5,
        30,
        73,
        175,
        574,
        1076,
        1274,
        1638,
        2305,
        2873,
        3588,
        3718,
        3730,
        3139,
        2487,
        2077,
        1623,
        1212,
        998,
        913,
        803,
        733,
        668,
        832,
        1094,
        820,
        352,
        280,
        214,
        190,
        154,
        126,
        128,
        95,
        92,
        88,
        73,
        69,
        53,
        61,
        64,
        60,
        63,
        48,
        64,
        59,
        59,
        47,
        39,
        30,
        28,
        25,
        32,
        17,
        29,
        32,
        21,
        27,
        21,
        25,
        28,
        26,
        21,
        17,
        14,
        17,
        18,
        12,
        21,
        8,
        13,
        14,
        13,
        10,
        13,
        14,
        24,
        11,
        12,
        9,
        17,
        11,
        4,
        6,
        15,
        13,
        8,
        11,
        7,
        9,
        7,
        5,
        5,
        10,
        15,
        7,
        8,
        11,
        7,
        10,
        5,
        4,
        6,
        3,
        13,
        7,
        8,
        5,
        6,
        4,
        3,
        5,
        3,
        7,
        1,
        5,
        5,
        4,
        9,
        5,
        7,
        5,
        7,
        8,
        3,
        5,
        6,
        2,
        4,
        6,
        5,
        7,
        6,
        5,
        6,
        4,
        4,
        2,
        1,
        7,
        4,
        3,
        6,
        2,
        1,
        2,
        5,
        3,
        5,
        3,
        6,
        2,
        3,
        2,
        2,
        0,
        2,
        3,
        7,
        2,
        6,
        2,
        2,
        3,
        5,
        5,
        1,
        3,
        0,
        3,
        1,
        3,
        1,
        4,
        2,
        6,
        1,
        2,
        1,
        2,
        3,
        1,
        1,
        1,
        6,
        3,
        1,
        5,
        3,
        0,
        0,
        3,
        2,
        1,
        5,
        2,
        5,
        3,
        3,
        1,
        1,
        3,
        4,
        1,
        0,
        2,
        0,
        3,
        1,
        4,
        1,
        0,
        4,
        3,
        1,
        1,
        1,
        0,
        2,
        0,
        0,
        1,
        4,
        1,
        0,
        2,
        1,
        4,
        0,
        0,
        0,
        2,
        1,
        1,
        0,
        1,
        3,
        0,
        1,
        0,
        1,
        1,
        1,
        0,
        1,
        1,
        0,
        0,
        0,
        1,
        0,
        4,
        0,
        0,
        1,
        2
      ]
    }
  },
  {
    "nodata": 0.0,
    "spatial_resolution": 97.3828125,
    "data_type": "uint16",
    "statistics": {
      "minimum": 4050.0,
      "maximum": 20262.0
    },
    "histogram": {
      "count": 256,
      "min": 4050.0,
      "max": 20262.0,
      "buckets": [
        18,
        22,
        46,
        63,
        92,
        137,
        205,
        271,
        367,
        510,
        646,
        740,
        815,
        865,
        1033,
        1256,
        1495,
        1836,
        2232,
        2472,
        2530,
        2642,
        2262,
        2039,
        1758,
        1405,
        1257,
        1063,
        897,
        776,
        707,
        571,
        500,
        484,
        455,
        389,
        375,
        383,
        318,
        325,
        356,
        347,
        514,
        581,
        753,
        367,
        202,
        173,
        125,
        102,
        85,
        92,
        80,
        71,
        75,
        43,
        43,
        51,
        48,
        53,
        48,
        47,
        34,
        41,
        45,
        30,
        40,
        45,
        57,
        53,
        32,
        25,
        29,
        20,
        23,
        23,
        15,
        19,
        19,
        24,
        25,
        15,
        23,
        18,
        16,
        23,
        14,
        16,
        19,
        14,
        15,
        16,
        14,
        18,
        16,
        11,
        7,
        8,
        9,
        9,
        11,
        15,
        7,
        8,
        15,
        9,
        13,
        8,
        14,
        10,
        12,
        11,
        10,
        6,
        7,
        9,
        13,
        7,
        5,
        7,
        7,
        6,
        7,
        8,
        7,
        6,
        8,
        7,
        3,
        8,
        8,
        9,
        3,
        7,
        4,
        9,
        10,
        2,
        9,
        5,
        6,
        8,
        9,
        3,
        10,
        3,
        7,
        6,
        3,
        3,
        4,
        1,
        2,
        6,
        3,
        2,
        5,
        4,
        6,
        1,
        2,
        9,
        8,
        1,
        6,
        7,
        4,
        6,
        4,
        3,
        2,
        5,
        4,
        1,
        7,
        4,
        6,
        6,
        4,
        5,
        6,
        1,
        1,
        4,
        3,
        2,
        1,
        4,
        3,
        6,
        5,
        3,
        3,
        3,
        2,
        2,
        2,
        1,
        1,
        6,
        3,
        5,
        2,
        2,
        4,
        1,
        0,
        2,
        2,
        0,
        2,
        2,
        4,
        6,
        7,
        4,
        1,
        2,
        2,
        0,
        6,
        6,
        18,
        20,
        8,
        9,
        0,
        3,
        0,
        0,
        3,
        2,
        0,
        1,
        4,
        17,
        12,
        2,
        2,
        0,
        0,
        0,
        0,
        1,
        0,
        1,
        3,
        0,
        1,
        1,
        2,
        0,
        2,
        7,
        7,
        7
      ]
    }
  },
  {
    "nodata": 0.0,
    "spatial_resolution": 97.3828125,
    "data_type": "uint16",
    "statistics": {
      "minimum": 2671.0,
      "maximum": 24499.0
    },
    "histogram": {
      "count": 256,
      "min": 2671.0,
      "max": 24499.0,
      "buckets": [
        25,
        56,
        79,
        128,
        227,
        354,
        620,
        871,
        970,
        1172,
        1451,
        1626,
        1769,
        1869,
        2177,
        2540,
        2691,
        2583,
        2405,
        1990,
        1716,
        1348,
        1124,
        924,
        800,
        739,
        564,
        507,
        455,
        401,
        385,
        387,
        308,
        300,
        293,
        257,
        271,
        263,
        205,
        216,
        219,
        235,
        184,
        195,
        202,
        238,
        265,
        453,
        593,
        553,
        278,
        130,
        67,
        59,
        72,
        79,
        61,
        41,
        38,
        35,
        32,
        32,
        20,
        35,
        29,
        21,
        19,
        20,
        16,
        15,
        19,
        15,
        20,
        23,
        16,
        15,
        23,
        21,
        14,
        21,
        16,
        8,
        12,
        17,
        8,
        15,
        9,
        15,
        11,
        13,
        9,
        17,
        9,
        9,
        9,
        9,
        9,
        7,
        9,
        11,
        8,
        12,
        10,
        7,
        9,
        7,
        8,
        6,
        8,
        4,
        7,
        7,
        11,
        9,
        11,
        4,
        5,
        6,
        10,
        3,
        7,
        9,
        7,
        4,
        5,
        5,
        4,
        6,
        4,
        5,
        7,
        2,
        5,
        6,
        0,
        4,
        6,
        3,
        5,
        5,
        3,
        2,
        3,
        1,
        2,
        6,
        2,
        6,
        4,
        7,
        1,
        3,
        2,
        1,
        4,
        0,
        5,
        3,
        1,
        7,
        4,
        4,
        2,
        0,
        5,
        2,
        2,
        2,
        2,
        3,
        2,
        4,
        5,
        3,
        1,
        1,
        3,
        4,
        3,
        2,
        5,
        2,
        2,
        4,
        0,
        7,
        2,
        1,
        2,
        1,
        5,
        0,
        0,
        1,
        3,
        2,
        3,
        2,
        3,
        0,
        1,
        2,
        1,
        0,
        2,
        1,
        2,
        0,
        2,
        2,
        2,
        0,
        0,
        3,
        1,
        1,
        2,
        1,
        1,
        0,
        1,
        1,
        1,
        0,
        0,
        0,
        0,
        0,
        0,
        0,
        0,
        0,
        0,
        1,
        0,
        0,
        1,
        0,
        0,
        2,
        0,
        0,
        1,
        0,
        1,
        2,
        0,
        0,
        0,
        0,
        1,
        0,
        0,
        1,
        1,
        2
      ]
    }
  },
  {
    "nodata": 0.0,
    "spatial_resolution": 97.3828125,
    "data_type": "uint16",
    "statistics": {
      "minimum": 2238.0,
      "maximum": 18556.0
    },
    "histogram": {
      "count": 256,
      "min": 2238.0,
      "max": 18556.0,
      "buckets": [
        8,
        19,
        38,
        77,
        105,
        102,
        108,
        77,
        105,
        86,
        93,
        93,
        107,
        98,
        115,
        118,
        115,
        108,
        114,
        73,
        122,
        99,
        109,
        105,
        110,
        101,
        105,
        104,
        120,
        134,
        170,
        178,
        193,
        190,
        185,
        251,
        296,
        376,
        626,
        585,
        529,
        458,
        402,
        418,
        406,
        427,
        422,
        361,
        408,
        444,
        420,
        433,
        495,
        472,
        539,
        563,
        569,
        659,
        677,
        656,
        628,
        666,
        631,
        617,
        643,
        630,
        644,
        663,
        595,
        629,
        700,
        637,
        627,
        712,
        735,
        734,
        783,
        725,
        773,
        789,
        843,
        706,
        759,
        696,
        656,
        713,
        701,
        652,
        618,
        532,
        518,
        449,
        488,
        429,
        395,
        338,
        297,
        293,
        231,
        211,
        214,
        195,
        155,
        134,
        153,
        113,
        113,
        80,
        83,
        70,
        76,
        72,
        62,
        56,
        62,
        39,
        43,
        41,
        25,
        37,
        27,
        28,
        29,
        25,
        22,
        24,
        15,
        17,
        14,
        10,
        25,
        19,
        10,
        9,
        14,
        7,
        10,
        6,
        7,
        10,
        6,
        11,
        4,
        6,
        2,
        11,
        3,
        5,
        3,
        1,
        4,
        7,
        6,
        3,
        5,
        3,
        4,
        2,
        4,
        8,
        7,
        3,
        4,
        3,
        3,
        6,
        4,
        3,
        4,
        3,
        4,
        5,
        2,
        7,
        1,
        2,
        1,
        1,
        2,
        4,
        2,
        3,
        2,
        1,
        5,
        2,
        1,
        4,
        3,
        1,
        3,
        2,
        4,
        4,
        1,
        3,
        4,
        3,
        2,
        0,
        1,
        1,
        1,
        3,
        1,
        2,
        0,
        3,
        3,
        0,
        0,
        2,
        1,
        1,
        2,
        0,
        1,
        0,
        1,
        1,
        0,
        1,
        1,
        0,
        0,
        0,
        1,
        0,
        0,
        0,
        1,
        0,
        0,
        0,
        0,
        1,
        1,
        0,
        0,
        0,
        0,
        1,
        0,
        0,
        1,
        0,
        0,
        0,
        1,
        0,
        0,
        0,
        0,
        1,
        0,
        0
      ]
    }
  }
]